ham -10.2041 -10.2373
spam -6.64758 -5.51289
ham -4.45036 -6.6115
spam -11.3027 -9.54418
ham -8.22312 -8.77099
spam -11.9959 -9.94964
0.666667 0.666667 0.666667
